[    2203ms] [WARNING] [Vue warn]: Unhandled error during execution of mounted hook 
  at <CapabilityConversationRail surface=null active=false onClose=fn<hideSurface>  ... > 
  at <BaseTransition appear=false persisted=true mode=undefined  ... > 
  at <Transition name="scene-rail" persisted="" > 
  at <HomeWindow> @ http://localhost:1430/node_modules/.vite/deps/vue.js?v=318df923:2231
[    2204ms] [WARNING] [Vue warn]: Unhandled error during execution of mounted hook 
  at <GeneralSection key=0 > 
  at <SettingsView key=0 > 
  at <BaseTransition appear=false persisted=true mode=undefined  ... > 
  at <Transition name="view-fade" persisted="" > 
  at <HomeWindow> @ http://localhost:1430/node_modules/.vite/deps/vue.js?v=318df923:2231
[    2207ms] [VERBOSE] [DOM] Password field is not contained in a form: (More info: https://goo.gl/9p2vKq) %o @ http://localhost:1430/home.html:0
[    2244ms] TypeError: Cannot read properties of undefined (reading 'transformCallback')
    at transformCallback (http://localhost:1430/node_modules/.vite/deps/chunk-G7S6KQDI.js?v=318df923:22:37)
    at listen (http://localhost:1430/node_modules/.vite/deps/chunk-7FCLUC5I.js?v=318df923:39:14)
    at onBrainEvent (http://localhost:1430/src/services/brainClient.ts:299:10)
    at http://localhost:1430/src/lib/home/home-panel-run.ts:12:12
    at new Promise (<anonymous>)
    at runPanelAction (http://localhost:1430/src/lib/home/home-panel-run.ts:6:18)
    at http://localhost:1430/src/views/plugins/CapabilityHome.vue:25:25
    at http://localhost:1430/node_modules/.vite/deps/vue.js?v=318df923:5342:40
    at callWithErrorHandling (http://localhost:1430/node_modules/.vite/deps/vue.js?v=318df923:2379:19)
    at callWithAsyncErrorHandling (http://localhost:1430/node_modules/.vite/deps/vue.js?v=318df923:2386:17)
[    2244ms] TypeError: Cannot read properties of undefined (reading 'transformCallback')
    at transformCallback (http://localhost:1430/node_modules/.vite/deps/chunk-G7S6KQDI.js?v=318df923:22:37)
    at listen (http://localhost:1430/node_modules/.vite/deps/chunk-7FCLUC5I.js?v=318df923:39:14)
    at once (http://localhost:1430/node_modules/.vite/deps/chunk-7FCLUC5I.js?v=318df923:45:10)
    at http://localhost:1430/src/services/brainClient.ts:20:10
    at new Promise (<anonymous>)
    at onceWithTimeout (http://localhost:1430/src/services/brainClient.ts:19:16)
    at getMemListOnce (http://localhost:1430/src/services/brainClient.ts:216:10)
    at refreshMem (http://localhost:1430/src/views/brain/AgentBrain.vue:77:28)
    at http://localhost:1430/src/views/brain/AgentBrain.vue:163:15
    at http://localhost:1430/node_modules/.vite/deps/vue.js?v=318df923:5342:40
[    2244ms] TypeError: Cannot read properties of undefined (reading 'transformCallback')
    at transformCallback (http://localhost:1430/node_modules/.vite/deps/chunk-G7S6KQDI.js?v=318df923:22:37)
    at listen (http://localhost:1430/node_modules/.vite/deps/chunk-7FCLUC5I.js?v=318df923:39:14)
    at once (http://localhost:1430/node_modules/.vite/deps/chunk-7FCLUC5I.js?v=318df923:45:10)
    at http://localhost:1430/src/services/brainClient.ts:20:10
    at new Promise (<anonymous>)
    at onceWithTimeout (http://localhost:1430/src/services/brainClient.ts:19:16)
    at getMemListOnce (http://localhost:1430/src/services/brainClient.ts:216:10)
    at refresh (http://localhost:1430/src/views/HomeLife.vue:91:9)
    at http://localhost:1430/src/views/HomeLife.vue:103:13
    at http://localhost:1430/node_modules/.vite/deps/vue.js?v=318df923:5342:40
[    2244ms] TypeError: Cannot read properties of undefined (reading 'transformCallback')
    at transformCallback (http://localhost:1430/node_modules/.vite/deps/chunk-G7S6KQDI.js?v=318df923:22:37)
    at listen (http://localhost:1430/node_modules/.vite/deps/chunk-7FCLUC5I.js?v=318df923:39:14)
    at once (http://localhost:1430/node_modules/.vite/deps/chunk-7FCLUC5I.js?v=318df923:45:10)
    at http://localhost:1430/src/services/brainClient.ts:20:10
    at new Promise (<anonymous>)
    at onceWithTimeout (http://localhost:1430/src/services/brainClient.ts:19:16)
    at getPerceptionOnce (http://localhost:1430/src/services/brainClient.ts:274:10)
    at refresh (http://localhost:1430/src/views/HomeLife.vue:92:9)
    at http://localhost:1430/src/views/HomeLife.vue:103:13
    at http://localhost:1430/node_modules/.vite/deps/vue.js?v=318df923:5342:40
[    2244ms] TypeError: Cannot read properties of undefined (reading 'transformCallback')
    at transformCallback (http://localhost:1430/node_modules/.vite/deps/chunk-G7S6KQDI.js?v=318df923:22:37)
    at listen (http://localhost:1430/node_modules/.vite/deps/chunk-7FCLUC5I.js?v=318df923:39:14)
    at once (http://localhost:1430/node_modules/.vite/deps/chunk-7FCLUC5I.js?v=318df923:45:10)
    at http://localhost:1430/src/services/brainClient.ts:20:10
    at new Promise (<anonymous>)
    at onceWithTimeout (http://localhost:1430/src/services/brainClient.ts:19:16)
    at getWidgetsOnce (http://localhost:1430/src/services/brainClient.ts:198:10)
    at refresh (http://localhost:1430/src/views/HomeLife.vue:93:9)
    at http://localhost:1430/src/views/HomeLife.vue:103:13
    at http://localhost:1430/node_modules/.vite/deps/vue.js?v=318df923:5342:40
[    2244ms] TypeError: Cannot read properties of undefined (reading 'transformCallback')
    at transformCallback (http://localhost:1430/node_modules/.vite/deps/chunk-G7S6KQDI.js?v=318df923:22:37)
    at listen (http://localhost:1430/node_modules/.vite/deps/chunk-7FCLUC5I.js?v=318df923:39:14)
    at once (http://localhost:1430/node_modules/.vite/deps/chunk-7FCLUC5I.js?v=318df923:45:10)
    at http://localhost:1430/src/services/brainClient.ts:20:10
    at new Promise (<anonymous>)
    at onceWithTimeout (http://localhost:1430/src/services/brainClient.ts:19:16)
    at getMemListOnce (http://localhost:1430/src/services/brainClient.ts:216:10)
    at refreshMem (http://localhost:1430/src/views/brain/AgentBrain.vue:77:28)
    at http://localhost:1430/src/views/brain/AgentBrain.vue:163:15
    at http://localhost:1430/node_modules/.vite/deps/vue.js?v=318df923:5342:40
[    2244ms] TypeError: Cannot read properties of undefined (reading 'transformCallback')
    at transformCallback (http://localhost:1430/node_modules/.vite/deps/chunk-G7S6KQDI.js?v=318df923:22:37)
    at listen (http://localhost:1430/node_modules/.vite/deps/chunk-7FCLUC5I.js?v=318df923:39:14)
    at once (http://localhost:1430/node_modules/.vite/deps/chunk-7FCLUC5I.js?v=318df923:45:10)
    at http://localhost:1430/src/services/brainClient.ts:20:10
    at new Promise (<anonymous>)
    at onceWithTimeout (http://localhost:1430/src/services/brainClient.ts:19:16)
    at getMemListOnce (http://localhost:1430/src/services/brainClient.ts:216:10)
    at refreshMem (http://localhost:1430/src/views/brain/AgentBrain.vue:77:28)
    at http://localhost:1430/src/views/brain/AgentBrain.vue:163:15
    at http://localhost:1430/node_modules/.vite/deps/vue.js?v=318df923:5342:40
[    2244ms] TypeError: Cannot read properties of undefined (reading 'transformCallback')
    at transformCallback (http://localhost:1430/node_modules/.vite/deps/chunk-G7S6KQDI.js?v=318df923:22:37)
    at listen (http://localhost:1430/node_modules/.vite/deps/chunk-7FCLUC5I.js?v=318df923:39:14)
    at once (http://localhost:1430/node_modules/.vite/deps/chunk-7FCLUC5I.js?v=318df923:45:10)
    at http://localhost:1430/src/services/brainClient.ts:20:10
    at new Promise (<anonymous>)
    at onceWithTimeout (http://localhost:1430/src/services/brainClient.ts:19:16)
    at getWidgetsOnce (http://localhost:1430/src/services/brainClient.ts:198:10)
    at refresh (http://localhost:1430/src/views/HomeFloatNotes.vue:51:30)
    at http://localhost:1430/src/views/HomeFloatNotes.vue:57:13
    at http://localhost:1430/node_modules/.vite/deps/vue.js?v=318df923:5342:40
[    2244ms] TypeError: Cannot read properties of undefined (reading 'transformCallback')
    at transformCallback (http://localhost:1430/node_modules/.vite/deps/chunk-G7S6KQDI.js?v=318df923:22:37)
    at listen (http://localhost:1430/node_modules/.vite/deps/chunk-7FCLUC5I.js?v=318df923:39:14)
    at once (http://localhost:1430/node_modules/.vite/deps/chunk-7FCLUC5I.js?v=318df923:45:10)
    at http://localhost:1430/src/services/brainClient.ts:20:10
    at new Promise (<anonymous>)
    at onceWithTimeout (http://localhost:1430/src/services/brainClient.ts:19:16)
    at getFeedOnce (http://localhost:1430/src/services/brainClient.ts:150:10)
    at http://localhost:1430/src/views/chat/HorizonBar.vue:26:28
    at http://localhost:1430/node_modules/.vite/deps/vue.js?v=318df923:5342:40
    at callWithErrorHandling (http://localhost:1430/node_modules/.vite/deps/vue.js?v=318df923:2379:19)
[    2244ms] TypeError: Cannot read properties of undefined (reading 'transformCallback')
    at transformCallback (http://localhost:1430/node_modules/.vite/deps/chunk-G7S6KQDI.js?v=318df923:22:37)
    at listen (http://localhost:1430/node_modules/.vite/deps/chunk-7FCLUC5I.js?v=318df923:39:14)
    at onBrainEvent (http://localhost:1430/src/services/brainClient.ts:299:10)
    at http://localhost:1430/src/views/CapabilityConversationRail.vue:178:24
[    2244ms] TypeError: Cannot read properties of undefined (reading 'transformCallback')
    at transformCallback (http://localhost:1430/node_modules/.vite/deps/chunk-G7S6KQDI.js?v=318df923:22:37)
    at listen (http://localhost:1430/node_modules/.vite/deps/chunk-7FCLUC5I.js?v=318df923:39:14)
    at once (http://localhost:1430/node_modules/.vite/deps/chunk-7FCLUC5I.js?v=318df923:45:10)
    at http://localhost:1430/src/services/brainClient.ts:20:10
    at new Promise (<anonymous>)
    at onceWithTimeout (http://localhost:1430/src/services/brainClient.ts:19:16)
    at getPerceptionOnce (http://localhost:1430/src/services/brainClient.ts:274:10)
    at loadPerception (http://localhost:1430/src/views/settings/DataView.vue:34:23)
    at http://localhost:1430/src/views/settings/DataView.vue:182:12
    at http://localhost:1430/node_modules/.vite/deps/vue.js?v=318df923:5342:40
[    2244ms] TypeError: Cannot read properties of undefined (reading 'transformCallback')
    at transformCallback (http://localhost:1430/node_modules/.vite/deps/chunk-G7S6KQDI.js?v=318df923:22:37)
    at listen (http://localhost:1430/node_modules/.vite/deps/chunk-7FCLUC5I.js?v=318df923:39:14)
    at once (http://localhost:1430/node_modules/.vite/deps/chunk-7FCLUC5I.js?v=318df923:45:10)
    at http://localhost:1430/src/services/brainClient.ts:20:10
    at new Promise (<anonymous>)
    at onceWithTimeout (http://localhost:1430/src/services/brainClient.ts:19:16)
    at getMemListOnce (http://localhost:1430/src/services/brainClient.ts:216:10)
    at loadMem (http://localhost:1430/src/views/settings/DataView.vue:116:23)
    at http://localhost:1430/src/views/settings/DataView.vue:183:12
    at http://localhost:1430/node_modules/.vite/deps/vue.js?v=318df923:5342:40
[    2244ms] TypeError: Cannot read properties of undefined (reading 'transformCallback')
    at transformCallback (http://localhost:1430/node_modules/.vite/deps/chunk-G7S6KQDI.js?v=318df923:22:37)
    at listen (http://localhost:1430/node_modules/.vite/deps/chunk-7FCLUC5I.js?v=318df923:39:14)
    at once (http://localhost:1430/node_modules/.vite/deps/chunk-7FCLUC5I.js?v=318df923:45:10)
    at http://localhost:1430/src/services/brainClient.ts:20:10
    at new Promise (<anonymous>)
    at onceWithTimeout (http://localhost:1430/src/services/brainClient.ts:19:16)
    at getSettingsOnce (http://localhost:1430/src/services/brainClient.ts:245:19)
    at http://localhost:1430/src/views/settings/DataView.vue:184:12
    at http://localhost:1430/node_modules/.vite/deps/vue.js?v=318df923:5342:40
    at callWithErrorHandling (http://localhost:1430/node_modules/.vite/deps/vue.js?v=318df923:2379:19)
[    2244ms] TypeError: Cannot read properties of undefined (reading 'transformCallback')
    at transformCallback (http://localhost:1430/node_modules/.vite/deps/chunk-G7S6KQDI.js?v=318df923:22:37)
    at listen (http://localhost:1430/node_modules/.vite/deps/chunk-7FCLUC5I.js?v=318df923:39:14)
    at onBrainStatus (http://localhost:1430/src/services/brainClient.ts:305:10)
    at http://localhost:1430/src/views/settings/GeneralSection.vue:273:30
[    2244ms] TypeError: Cannot read properties of undefined (reading 'transformCallback')
    at transformCallback (http://localhost:1430/node_modules/.vite/deps/chunk-G7S6KQDI.js?v=318df923:22:37)
    at listen (http://localhost:1430/node_modules/.vite/deps/chunk-7FCLUC5I.js?v=318df923:39:14)
    at once (http://localhost:1430/node_modules/.vite/deps/chunk-7FCLUC5I.js?v=318df923:45:10)
    at http://localhost:1430/src/services/brainClient.ts:20:10
    at new Promise (<anonymous>)
    at onceWithTimeout (http://localhost:1430/src/services/brainClient.ts:19:16)
    at getSettingsOnce (http://localhost:1430/src/services/brainClient.ts:245:19)
    at http://localhost:1430/src/views/settings/GeneralSection.vue:262:12
[    2245ms] TypeError: Cannot read properties of undefined (reading 'transformCallback')
    at transformCallback (http://localhost:1430/node_modules/.vite/deps/chunk-G7S6KQDI.js?v=318df923:22:37)
    at listen (http://localhost:1430/node_modules/.vite/deps/chunk-7FCLUC5I.js?v=318df923:39:14)
    at once (http://localhost:1430/node_modules/.vite/deps/chunk-7FCLUC5I.js?v=318df923:45:10)
    at http://localhost:1430/src/services/brainClient.ts:20:10
    at new Promise (<anonymous>)
    at onceWithTimeout (http://localhost:1430/src/services/brainClient.ts:19:16)
    at getHttpPairInfoOnce (http://localhost:1430/src/services/brainClient.ts:266:10)
    at refreshPair (http://localhost:1430/src/views/settings/GeneralSection.vue:149:29)
    at http://localhost:1430/src/views/settings/GeneralSection.vue:272:12
[    2243ms] [ERROR] Failed to load resource: the server responded with a status of 404 (Not Found) @ http://localhost:1430/favicon.ico:0
[    2303ms] [WARNING] [Vue warn]: Unhandled error during execution of mounted hook 
  at <HomeChat key=0 draft=undefined workstation=null  ... > 
  at <BaseTransition appear=false persisted=true mode=undefined  ... > 
  at <Transition name="view-fade" persisted="" > 
  at <HomeWindow> @ http://localhost:1430/node_modules/.vite/deps/vue.js?v=318df923:2231
[    2305ms] TypeError: Cannot read properties of undefined (reading 'transformCallback')
    at transformCallback (http://localhost:1430/node_modules/.vite/deps/chunk-G7S6KQDI.js?v=318df923:22:37)
    at listen (http://localhost:1430/node_modules/.vite/deps/chunk-7FCLUC5I.js?v=318df923:39:14)
    at onBrainEvent (http://localhost:1430/src/services/brainClient.ts:299:10)
    at http://localhost:1430/src/views/chat/HomeChat.vue:611:24
[    5200ms] [WARNING] [Vue warn]: Unhandled error during execution of mounted hook 
  at <HorizonBar state="idle" proc=null shelf=false  ... > 
  at <HomeChat key=0 draft=undefined workstation=null  ... > 
  at <BaseTransition appear=false persisted=true mode=undefined  ... > 
  at <Transition name="view-fade" persisted="" > 
  at <HomeWindow> @ http://localhost:1430/node_modules/.vite/deps/vue.js?v=318df923:2231
[    5202ms] TypeError: Cannot read properties of undefined (reading 'transformCallback')
    at transformCallback (http://localhost:1430/node_modules/.vite/deps/chunk-G7S6KQDI.js?v=318df923:22:37)
    at listen (http://localhost:1430/node_modules/.vite/deps/chunk-7FCLUC5I.js?v=318df923:39:14)
    at onFeed (http://localhost:1430/src/services/brainClient.ts:147:10)
    at http://localhost:1430/src/views/chat/HorizonBar.vue:31:22
[    6139ms] TypeError: Cannot read properties of undefined (reading 'transformCallback')
    at transformCallback (http://localhost:1430/node_modules/.vite/deps/chunk-G7S6KQDI.js?v=318df923:22:37)
    at listen (http://localhost:1430/node_modules/.vite/deps/chunk-7FCLUC5I.js?v=318df923:39:14)
    at once (http://localhost:1430/node_modules/.vite/deps/chunk-7FCLUC5I.js?v=318df923:45:10)
    at http://localhost:1430/src/services/brainClient.ts:20:10
    at new Promise (<anonymous>)
    at onceWithTimeout (http://localhost:1430/src/services/brainClient.ts:19:16)
    at getDistillTimelineOnce (http://localhost:1430/src/services/brainClient.ts:159:19)
    at http://localhost:1430/src/views/brain/AgentBrain.vue:174:28
[    6201ms] TypeError: Cannot read properties of undefined (reading 'transformCallback')
    at transformCallback (http://localhost:1430/node_modules/.vite/deps/chunk-G7S6KQDI.js?v=318df923:22:37)
    at listen (http://localhost:1430/node_modules/.vite/deps/chunk-7FCLUC5I.js?v=318df923:39:14)
    at once (http://localhost:1430/node_modules/.vite/deps/chunk-7FCLUC5I.js?v=318df923:45:10)
    at http://localhost:1430/src/services/brainClient.ts:20:10
    at new Promise (<anonymous>)
    at onceWithTimeout (http://localhost:1430/src/services/brainClient.ts:19:16)
    at getDistillTimelineOnce (http://localhost:1430/src/services/brainClient.ts:159:19)
    at http://localhost:1430/src/views/brain/AgentBrain.vue:174:28
[    6202ms] TypeError: Cannot read properties of undefined (reading 'transformCallback')
    at transformCallback (http://localhost:1430/node_modules/.vite/deps/chunk-G7S6KQDI.js?v=318df923:22:37)
    at listen (http://localhost:1430/node_modules/.vite/deps/chunk-7FCLUC5I.js?v=318df923:39:14)
    at once (http://localhost:1430/node_modules/.vite/deps/chunk-7FCLUC5I.js?v=318df923:45:10)
    at http://localhost:1430/src/services/brainClient.ts:20:10
    at new Promise (<anonymous>)
    at onceWithTimeout (http://localhost:1430/src/services/brainClient.ts:19:16)
    at getDistillTimelineOnce (http://localhost:1430/src/services/brainClient.ts:159:19)
    at http://localhost:1430/src/views/brain/AgentBrain.vue:174:28
[   17202ms] TypeError: Cannot read properties of undefined (reading 'transformCallback')
    at transformCallback (http://localhost:1430/node_modules/.vite/deps/chunk-G7S6KQDI.js?v=318df923:22:37)
    at listen (http://localhost:1430/node_modules/.vite/deps/chunk-7FCLUC5I.js?v=318df923:39:14)
    at once (http://localhost:1430/node_modules/.vite/deps/chunk-7FCLUC5I.js?v=318df923:45:10)
    at http://localhost:1430/src/services/brainClient.ts:20:10
    at new Promise (<anonymous>)
    at onceWithTimeout (http://localhost:1430/src/services/brainClient.ts:19:16)
    at getWidgetsOnce (http://localhost:1430/src/services/brainClient.ts:198:10)
    at refresh (http://localhost:1430/src/views/HomeFloatNotes.vue:51:30)
    at http://localhost:1430/src/views/HomeFloatNotes.vue:59:14
[   18140ms] TypeError: Cannot read properties of undefined (reading 'transformCallback')
    at transformCallback (http://localhost:1430/node_modules/.vite/deps/chunk-G7S6KQDI.js?v=318df923:22:37)
    at listen (http://localhost:1430/node_modules/.vite/deps/chunk-7FCLUC5I.js?v=318df923:39:14)
    at once (http://localhost:1430/node_modules/.vite/deps/chunk-7FCLUC5I.js?v=318df923:45:10)
    at http://localhost:1430/src/services/brainClient.ts:20:10
    at new Promise (<anonymous>)
    at onceWithTimeout (http://localhost:1430/src/services/brainClient.ts:19:16)
    at getMemListOnce (http://localhost:1430/src/services/brainClient.ts:216:10)
    at refresh (http://localhost:1430/src/views/HomeLife.vue:91:9)
    at http://localhost:1430/src/views/HomeLife.vue:105:14
[   18140ms] TypeError: Cannot read properties of undefined (reading 'transformCallback')
    at transformCallback (http://localhost:1430/node_modules/.vite/deps/chunk-G7S6KQDI.js?v=318df923:22:37)
    at listen (http://localhost:1430/node_modules/.vite/deps/chunk-7FCLUC5I.js?v=318df923:39:14)
    at once (http://localhost:1430/node_modules/.vite/deps/chunk-7FCLUC5I.js?v=318df923:45:10)
    at http://localhost:1430/src/services/brainClient.ts:20:10
    at new Promise (<anonymous>)
    at onceWithTimeout (http://localhost:1430/src/services/brainClient.ts:19:16)
    at getPerceptionOnce (http://localhost:1430/src/services/brainClient.ts:274:10)
    at refresh (http://localhost:1430/src/views/HomeLife.vue:92:9)
    at http://localhost:1430/src/views/HomeLife.vue:105:14
[   18140ms] TypeError: Cannot read properties of undefined (reading 'transformCallback')
    at transformCallback (http://localhost:1430/node_modules/.vite/deps/chunk-G7S6KQDI.js?v=318df923:22:37)
    at listen (http://localhost:1430/node_modules/.vite/deps/chunk-7FCLUC5I.js?v=318df923:39:14)
    at once (http://localhost:1430/node_modules/.vite/deps/chunk-7FCLUC5I.js?v=318df923:45:10)
    at http://localhost:1430/src/services/brainClient.ts:20:10
    at new Promise (<anonymous>)
    at onceWithTimeout (http://localhost:1430/src/services/brainClient.ts:19:16)
    at getWidgetsOnce (http://localhost:1430/src/services/brainClient.ts:198:10)
    at refresh (http://localhost:1430/src/views/HomeLife.vue:93:9)
    at http://localhost:1430/src/views/HomeLife.vue:105:14
[   19004ms] [WARNING] [Vue warn]: Unhandled error during execution of mounted hook 
  at <CapabilityConversationRail surface=null active=false onClose=fn<hideSurface>  ... > 
  at <BaseTransition appear=false persisted=true mode=undefined  ... > 
  at <Transition name="scene-rail" persisted="" > 
  at <HomeWindow> @ http://localhost:1430/node_modules/.vite/deps/vue.js?v=318df923:2231
[   19005ms] [WARNING] [Vue warn]: Unhandled error during execution of mounted hook 
  at <GeneralSection key=0 > 
  at <SettingsView key=0 > 
  at <BaseTransition appear=false persisted=true mode=undefined  ... > 
  at <Transition name="view-fade" persisted="" > 
  at <HomeWindow> @ http://localhost:1430/node_modules/.vite/deps/vue.js?v=318df923:2231
[   19015ms] [VERBOSE] [DOM] Password field is not contained in a form: (More info: https://goo.gl/9p2vKq) %o @ http://localhost:1430/home.html:0
[   19075ms] TypeError: Cannot read properties of undefined (reading 'transformCallback')
    at transformCallback (http://localhost:1430/node_modules/.vite/deps/chunk-G7S6KQDI.js?v=318df923:22:37)
    at listen (http://localhost:1430/node_modules/.vite/deps/chunk-7FCLUC5I.js?v=318df923:39:14)
    at onBrainEvent (http://localhost:1430/src/services/brainClient.ts:299:10)
    at http://localhost:1430/src/lib/home/home-panel-run.ts:12:12
    at new Promise (<anonymous>)
    at runPanelAction (http://localhost:1430/src/lib/home/home-panel-run.ts:6:18)
    at http://localhost:1430/src/views/plugins/CapabilityHome.vue:25:25
    at http://localhost:1430/node_modules/.vite/deps/vue.js?v=318df923:5342:40
    at callWithErrorHandling (http://localhost:1430/node_modules/.vite/deps/vue.js?v=318df923:2379:19)
    at callWithAsyncErrorHandling (http://localhost:1430/node_modules/.vite/deps/vue.js?v=318df923:2386:17)
[   19075ms] TypeError: Cannot read properties of undefined (reading 'transformCallback')
    at transformCallback (http://localhost:1430/node_modules/.vite/deps/chunk-G7S6KQDI.js?v=318df923:22:37)
    at listen (http://localhost:1430/node_modules/.vite/deps/chunk-7FCLUC5I.js?v=318df923:39:14)
    at once (http://localhost:1430/node_modules/.vite/deps/chunk-7FCLUC5I.js?v=318df923:45:10)
    at http://localhost:1430/src/services/brainClient.ts:20:10
    at new Promise (<anonymous>)
    at onceWithTimeout (http://localhost:1430/src/services/brainClient.ts:19:16)
    at getSettingsOnce (http://localhost:1430/src/services/brainClient.ts:245:19)
    at http://localhost:1430/src/views/HomeDayTitle.vue:19:30
    at http://localhost:1430/node_modules/.vite/deps/vue.js?v=318df923:5342:40
    at callWithErrorHandling (http://localhost:1430/node_modules/.vite/deps/vue.js?v=318df923:2379:19)
[   19075ms] TypeError: Cannot read properties of undefined (reading 'transformCallback')
    at transformCallback (http://localhost:1430/node_modules/.vite/deps/chunk-G7S6KQDI.js?v=318df923:22:37)
    at listen (http://localhost:1430/node_modules/.vite/deps/chunk-7FCLUC5I.js?v=318df923:39:14)
    at once (http://localhost:1430/node_modules/.vite/deps/chunk-7FCLUC5I.js?v=318df923:45:10)
    at http://localhost:1430/src/services/brainClient.ts:20:10
    at new Promise (<anonymous>)
    at onceWithTimeout (http://localhost:1430/src/services/brainClient.ts:19:16)
    at getWidgetsOnce (http://localhost:1430/src/services/brainClient.ts:198:10)
    at refresh (http://localhost:1430/src/views/HomeFloatNotes.vue:51:30)
    at http://localhost:1430/src/views/HomeFloatNotes.vue:57:13
    at http://localhost:1430/node_modules/.vite/deps/vue.js?v=318df923:5342:40
[   19075ms] TypeError: Cannot read properties of undefined (reading 'transformCallback')
    at transformCallback (http://localhost:1430/node_modules/.vite/deps/chunk-G7S6KQDI.js?v=318df923:22:37)
    at listen (http://localhost:1430/node_modules/.vite/deps/chunk-7FCLUC5I.js?v=318df923:39:14)
    at once (http://localhost:1430/node_modules/.vite/deps/chunk-7FCLUC5I.js?v=318df923:45:10)
    at http://localhost:1430/src/services/brainClient.ts:20:10
    at new Promise (<anonymous>)
    at onceWithTimeout (http://localhost:1430/src/services/brainClient.ts:19:16)
    at getMemListOnce (http://localhost:1430/src/services/brainClient.ts:216:10)
    at refreshMem (http://localhost:1430/src/views/brain/AgentBrain.vue:77:28)
    at http://localhost:1430/src/views/brain/AgentBrain.vue:163:15
    at http://localhost:1430/node_modules/.vite/deps/vue.js?v=318df923:5342:40
[   19075ms] TypeError: Cannot read properties of undefined (reading 'transformCallback')
    at transformCallback (http://localhost:1430/node_modules/.vite/deps/chunk-G7S6KQDI.js?v=318df923:22:37)
    at listen (http://localhost:1430/node_modules/.vite/deps/chunk-7FCLUC5I.js?v=318df923:39:14)
    at once (http://localhost:1430/node_modules/.vite/deps/chunk-7FCLUC5I.js?v=318df923:45:10)
    at http://localhost:1430/src/services/brainClient.ts:20:10
    at new Promise (<anonymous>)
    at onceWithTimeout (http://localhost:1430/src/services/brainClient.ts:19:16)
    at getFeedOnce (http://localhost:1430/src/services/brainClient.ts:150:10)
    at http://localhost:1430/src/views/HomeGlance.vue:66:28
    at http://localhost:1430/node_modules/.vite/deps/vue.js?v=318df923:5342:40
    at callWithErrorHandling (http://localhost:1430/node_modules/.vite/deps/vue.js?v=318df923:2379:19)
[   19075ms] TypeError: Cannot read properties of undefined (reading 'transformCallback')
    at transformCallback (http://localhost:1430/node_modules/.vite/deps/chunk-G7S6KQDI.js?v=318df923:22:37)
    at listen (http://localhost:1430/node_modules/.vite/deps/chunk-7FCLUC5I.js?v=318df923:39:14)
    at once (http://localhost:1430/node_modules/.vite/deps/chunk-7FCLUC5I.js?v=318df923:45:10)
    at http://localhost:1430/src/services/brainClient.ts:20:10
    at new Promise (<anonymous>)
    at onceWithTimeout (http://localhost:1430/src/services/brainClient.ts:19:16)
    at getWidgetsOnce (http://localhost:1430/src/services/brainClient.ts:198:10)
    at http://localhost:1430/src/views/HomeBench.vue:40:9
    at http://localhost:1430/node_modules/.vite/deps/vue.js?v=318df923:5342:40
    at callWithErrorHandling (http://localhost:1430/node_modules/.vite/deps/vue.js?v=318df923:2379:19)
[   19075ms] TypeError: Cannot read properties of undefined (reading 'transformCallback')
    at transformCallback (http://localhost:1430/node_modules/.vite/deps/chunk-G7S6KQDI.js?v=318df923:22:37)
    at listen (http://localhost:1430/node_modules/.vite/deps/chunk-7FCLUC5I.js?v=318df923:39:14)
    at once (http://localhost:1430/node_modules/.vite/deps/chunk-7FCLUC5I.js?v=318df923:45:10)
    at http://localhost:1430/src/services/brainClient.ts:20:10
    at new Promise (<anonymous>)
    at onceWithTimeout (http://localhost:1430/src/services/brainClient.ts:19:16)
    at getFeedOnce (http://localhost:1430/src/services/brainClient.ts:150:10)
    at http://localhost:1430/src/views/HomeBench.vue:41:9
    at http://localhost:1430/node_modules/.vite/deps/vue.js?v=318df923:5342:40
    at callWithErrorHandling (http://localhost:1430/node_modules/.vite/deps/vue.js?v=318df923:2379:19)
[   19075ms] TypeError: Cannot read properties of undefined (reading 'transformCallback')
    at transformCallback (http://localhost:1430/node_modules/.vite/deps/chunk-G7S6KQDI.js?v=318df923:22:37)
    at listen (http://localhost:1430/node_modules/.vite/deps/chunk-7FCLUC5I.js?v=318df923:39:14)
    at once (http://localhost:1430/node_modules/.vite/deps/chunk-7FCLUC5I.js?v=318df923:45:10)
    at http://localhost:1430/src/services/brainClient.ts:20:10
    at new Promise (<anonymous>)
    at onceWithTimeout (http://localhost:1430/src/services/brainClient.ts:19:16)
    at getWidgetsOnce (http://localhost:1430/src/services/brainClient.ts:198:10)
    at http://localhost:1430/src/views/HomeJot.vue:21:28
    at http://localhost:1430/node_modules/.vite/deps/vue.js?v=318df923:5342:40
    at callWithErrorHandling (http://localhost:1430/node_modules/.vite/deps/vue.js?v=318df923:2379:19)
[   19075ms] TypeError: Cannot read properties of undefined (reading 'transformCallback')
    at transformCallback (http://localhost:1430/node_modules/.vite/deps/chunk-G7S6KQDI.js?v=318df923:22:37)
    at listen (http://localhost:1430/node_modules/.vite/deps/chunk-7FCLUC5I.js?v=318df923:39:14)
    at once (http://localhost:1430/node_modules/.vite/deps/chunk-7FCLUC5I.js?v=318df923:45:10)
    at http://localhost:1430/src/services/brainClient.ts:20:10
    at new Promise (<anonymous>)
    at onceWithTimeout (http://localhost:1430/src/services/brainClient.ts:19:16)
    at getFeedOnce (http://localhost:1430/src/services/brainClient.ts:150:10)
    at http://localhost:1430/src/views/chat/HorizonBar.vue:26:28
    at http://localhost:1430/node_modules/.vite/deps/vue.js?v=318df923:5342:40
    at callWithErrorHandling (http://localhost:1430/node_modules/.vite/deps/vue.js?v=318df923:2379:19)
[   19075ms] TypeError: Cannot read properties of undefined (reading 'transformCallback')
    at transformCallback (http://localhost:1430/node_modules/.vite/deps/chunk-G7S6KQDI.js?v=318df923:22:37)
    at listen (http://localhost:1430/node_modules/.vite/deps/chunk-7FCLUC5I.js?v=318df923:39:14)
    at onBrainEvent (http://localhost:1430/src/services/brainClient.ts:299:10)
    at http://localhost:1430/src/views/CapabilityConversationRail.vue:178:24
[   19075ms] TypeError: Cannot read properties of undefined (reading 'transformCallback')
    at transformCallback (http://localhost:1430/node_modules/.vite/deps/chunk-G7S6KQDI.js?v=318df923:22:37)
    at listen (http://localhost:1430/node_modules/.vite/deps/chunk-7FCLUC5I.js?v=318df923:39:14)
    at once (http://localhost:1430/node_modules/.vite/deps/chunk-7FCLUC5I.js?v=318df923:45:10)
    at http://localhost:1430/src/services/brainClient.ts:20:10
    at new Promise (<anonymous>)
    at onceWithTimeout (http://localhost:1430/src/services/brainClient.ts:19:16)
    at getPerceptionOnce (http://localhost:1430/src/services/brainClient.ts:274:10)
    at loadPerception (http://localhost:1430/src/views/settings/DataView.vue:34:23)
    at http://localhost:1430/src/views/settings/DataView.vue:182:12
    at http://localhost:1430/node_modules/.vite/deps/vue.js?v=318df923:5342:40
[   19075ms] TypeError: Cannot read properties of undefined (reading 'transformCallback')
    at transformCallback (http://localhost:1430/node_modules/.vite/deps/chunk-G7S6KQDI.js?v=318df923:22:37)
    at listen (http://localhost:1430/node_modules/.vite/deps/chunk-7FCLUC5I.js?v=318df923:39:14)
    at once (http://localhost:1430/node_modules/.vite/deps/chunk-7FCLUC5I.js?v=318df923:45:10)
    at http://localhost:1430/src/services/brainClient.ts:20:10
    at new Promise (<anonymous>)
    at onceWithTimeout (http://localhost:1430/src/services/brainClient.ts:19:16)
    at getMemListOnce (http://localhost:1430/src/services/brainClient.ts:216:10)
    at loadMem (http://localhost:1430/src/views/settings/DataView.vue:116:23)
    at http://localhost:1430/src/views/settings/DataView.vue:183:12
    at http://localhost:1430/node_modules/.vite/deps/vue.js?v=318df923:5342:40
[   19075ms] TypeError: Cannot read properties of undefined (reading 'transformCallback')
    at transformCallback (http://localhost:1430/node_modules/.vite/deps/chunk-G7S6KQDI.js?v=318df923:22:37)
    at listen (http://localhost:1430/node_modules/.vite/deps/chunk-7FCLUC5I.js?v=318df923:39:14)
    at once (http://localhost:1430/node_modules/.vite/deps/chunk-7FCLUC5I.js?v=318df923:45:10)
    at http://localhost:1430/src/services/brainClient.ts:20:10
    at new Promise (<anonymous>)
    at onceWithTimeout (http://localhost:1430/src/services/brainClient.ts:19:16)
    at getSettingsOnce (http://localhost:1430/src/services/brainClient.ts:245:19)
    at http://localhost:1430/src/views/settings/DataView.vue:184:12
    at http://localhost:1430/node_modules/.vite/deps/vue.js?v=318df923:5342:40
    at callWithErrorHandling (http://localhost:1430/node_modules/.vite/deps/vue.js?v=318df923:2379:19)
[   19075ms] TypeError: Cannot read properties of undefined (reading 'transformCallback')
    at transformCallback (http://localhost:1430/node_modules/.vite/deps/chunk-G7S6KQDI.js?v=318df923:22:37)
    at listen (http://localhost:1430/node_modules/.vite/deps/chunk-7FCLUC5I.js?v=318df923:39:14)
    at onBrainStatus (http://localhost:1430/src/services/brainClient.ts:305:10)
    at http://localhost:1430/src/views/settings/GeneralSection.vue:273:30
[   19079ms] TypeError: Cannot read properties of undefined (reading 'transformCallback')
    at transformCallback (http://localhost:1430/node_modules/.vite/deps/chunk-G7S6KQDI.js?v=318df923:22:37)
    at listen (http://localhost:1430/node_modules/.vite/deps/chunk-7FCLUC5I.js?v=318df923:39:14)
    at once (http://localhost:1430/node_modules/.vite/deps/chunk-7FCLUC5I.js?v=318df923:45:10)
    at http://localhost:1430/src/services/brainClient.ts:20:10
    at new Promise (<anonymous>)
    at onceWithTimeout (http://localhost:1430/src/services/brainClient.ts:19:16)
    at getSettingsOnce (http://localhost:1430/src/services/brainClient.ts:245:19)
    at http://localhost:1430/src/views/settings/GeneralSection.vue:262:12
[   19079ms] TypeError: Cannot read properties of undefined (reading 'transformCallback')
    at transformCallback (http://localhost:1430/node_modules/.vite/deps/chunk-G7S6KQDI.js?v=318df923:22:37)
    at listen (http://localhost:1430/node_modules/.vite/deps/chunk-7FCLUC5I.js?v=318df923:39:14)
    at once (http://localhost:1430/node_modules/.vite/deps/chunk-7FCLUC5I.js?v=318df923:45:10)
    at http://localhost:1430/src/services/brainClient.ts:20:10
    at new Promise (<anonymous>)
    at onceWithTimeout (http://localhost:1430/src/services/brainClient.ts:19:16)
    at getHttpPairInfoOnce (http://localhost:1430/src/services/brainClient.ts:266:10)
    at refreshPair (http://localhost:1430/src/views/settings/GeneralSection.vue:149:29)
    at http://localhost:1430/src/views/settings/GeneralSection.vue:272:12
[   19073ms] [WARNING] [Vue warn]: Unhandled error during execution of mounted hook 
  at <HomeChat key=0 draft=undefined workstation=null  ... > 
  at <BaseTransition appear=false persisted=true mode=undefined  ... > 
  at <Transition name="view-fade" persisted="" > 
  at <HomeWindow> @ http://localhost:1430/node_modules/.vite/deps/vue.js?v=318df923:2231
[   19080ms] TypeError: Cannot read properties of undefined (reading 'transformCallback')
    at transformCallback (http://localhost:1430/node_modules/.vite/deps/chunk-G7S6KQDI.js?v=318df923:22:37)
    at listen (http://localhost:1430/node_modules/.vite/deps/chunk-7FCLUC5I.js?v=318df923:39:14)
    at onBrainEvent (http://localhost:1430/src/services/brainClient.ts:299:10)
    at http://localhost:1430/src/views/chat/HomeChat.vue:611:24
[   22004ms] [WARNING] [Vue warn]: Unhandled error during execution of mounted hook 
  at <HorizonBar state="idle" proc=null shelf=false  ... > 
  at <HomeChat key=0 draft=undefined workstation=null  ... > 
  at <BaseTransition appear=false persisted=true mode=undefined  ... > 
  at <Transition name="view-fade" persisted="" > 
  at <HomeWindow> @ http://localhost:1430/node_modules/.vite/deps/vue.js?v=318df923:2231
[   22005ms] TypeError: Cannot read properties of undefined (reading 'transformCallback')
    at transformCallback (http://localhost:1430/node_modules/.vite/deps/chunk-G7S6KQDI.js?v=318df923:22:37)
    at listen (http://localhost:1430/node_modules/.vite/deps/chunk-7FCLUC5I.js?v=318df923:39:14)
    at once (http://localhost:1430/node_modules/.vite/deps/chunk-7FCLUC5I.js?v=318df923:45:10)
    at http://localhost:1430/src/services/brainClient.ts:20:10
    at new Promise (<anonymous>)
    at onceWithTimeout (http://localhost:1430/src/services/brainClient.ts:19:16)
    at getWidgetsOnce (http://localhost:1430/src/services/brainClient.ts:198:10)
    at http://localhost:1430/src/views/HomeGlance.vue:79:30
[   22005ms] TypeError: Cannot read properties of undefined (reading 'transformCallback')
    at transformCallback (http://localhost:1430/node_modules/.vite/deps/chunk-G7S6KQDI.js?v=318df923:22:37)
    at listen (http://localhost:1430/node_modules/.vite/deps/chunk-7FCLUC5I.js?v=318df923:39:14)
    at onBrainEvent (http://localhost:1430/src/services/brainClient.ts:299:10)
    at http://localhost:1430/src/lib/home/home-panel-run.ts:12:12
    at new Promise (<anonymous>)
    at runPanelAction (http://localhost:1430/src/lib/home/home-panel-run.ts:6:18)
    at refreshCoding (http://localhost:1430/src/views/HomeBench.vue:30:28)
    at http://localhost:1430/src/views/HomeBench.vue:45:13
[   22005ms] TypeError: Cannot read properties of undefined (reading 'transformCallback')
    at transformCallback (http://localhost:1430/node_modules/.vite/deps/chunk-G7S6KQDI.js?v=318df923:22:37)
    at listen (http://localhost:1430/node_modules/.vite/deps/chunk-7FCLUC5I.js?v=318df923:39:14)
    at onFeed (http://localhost:1430/src/services/brainClient.ts:147:10)
    at http://localhost:1430/src/views/chat/HorizonBar.vue:31:22
[   23005ms] TypeError: Cannot read properties of undefined (reading 'transformCallback')
    at transformCallback (http://localhost:1430/node_modules/.vite/deps/chunk-G7S6KQDI.js?v=318df923:22:37)
    at listen (http://localhost:1430/node_modules/.vite/deps/chunk-7FCLUC5I.js?v=318df923:39:14)
    at once (http://localhost:1430/node_modules/.vite/deps/chunk-7FCLUC5I.js?v=318df923:45:10)
    at http://localhost:1430/src/services/brainClient.ts:20:10
    at new Promise (<anonymous>)
    at onceWithTimeout (http://localhost:1430/src/services/brainClient.ts:19:16)
    at getDistillTimelineOnce (http://localhost:1430/src/services/brainClient.ts:159:19)
    at http://localhost:1430/src/views/brain/AgentBrain.vue:174:28
